../Core/Src/mpu.h:30:6:MPU6050_Init	32	static
../Core/Src/mpu.h:42:6:MPU6050_Read_Accel	56	static
../Core/Src/mpu.h:57:6:MPU6050_Read_Calculate	88	static
../Core/Src/dht.h:25:9:DHT22_Start	32	static
../Core/Src/dht.h:56:9:DHT22_Read	16	static
../Core/Src/dht.h:82:6:send_messages	16	static
../Core/Src/main.c:86:9:BMP180_Read16	40	static
../Core/Src/main.c:93:10:BMP180_ReadU16	40	static
../Core/Src/main.c:100:6:BMP180_ReadCalibrationData	8	static
../Core/Src/main.c:128:6:BMP180_StartTemperature	32	static
../Core/Src/main.c:135:6:BMP180_ReadUT	8	static
../Core/Src/main.c:140:6:BMP180_StartPressure	32	static
../Core/Src/main.c:147:6:BMP180_ReadUP	32	static
../Core/Src/main.c:154:7:BMP180_CalculateAltitude	16	static
../Core/Src/main.c:161:6:microDelay	16	static
../Core/Src/main.c:170:5:main	56	static
../Core/Src/main.c:424:6:SystemClock_Config	88	static
../Core/Src/main.c:471:13:MX_ADC1_Init	24	static
../Core/Src/main.c:518:13:MX_ADC2_Init	24	static
../Core/Src/main.c:565:13:MX_I2C1_Init	8	static
../Core/Src/main.c:605:13:MX_TIM1_Init	32	static
../Core/Src/main.c:651:13:MX_USART1_UART_Init	8	static
../Core/Src/main.c:684:13:MX_GPIO_Init	40	static
../Core/Src/main.c:717:6:Error_Handler	4	static,ignoring_inline_asm
